---
source: src/parser/tests.rs
expression: "crate :: parser :: tests :: parse_molt_ok :: < VarDecl >\n(\"let foo: Ident = { bar };\")"
---
VarDecl {
    id: VarId(
        Id(
            Var(
                0,
            ),
        ),
    ),
    node: Some(
        Id(
            PatNode(
                0,
            ),
        ),
    ),
}
