---
source: src/parser/tests.rs
expression: "crate :: parser :: tests :: parse_molt_ok :: < MoltFile >\n(\"let foo: Ident = { bar };\")"
---
MoltFile {
    vars: [
        VarDecl {
            id: VarId(
                Id(
                    Var(
                        0,
                    ),
                ),
            ),
            node: Some(
                Id(
                    PatNode(
                        0,
                    ),
                ),
            ),
        },
    ],
    commands: [],
    sorted: false,
}
