---
source: src/lib.rs
expression: "super :: super :: match_pattern(stringify! (expr), stringify! (binary))"
---
note: Match
  ┌─ "test_data/expr/main.rs":2:6
  │
2 │     (x+1);
  │      ^^^ $expr
  │
  = $e1 = x
  = $e2 = 1

note: Match
   ┌─ "test_data/expr/main.rs":45:6
   │
45 │     (1 + 2) + (3 + 4);
   │      ^^^^^ $expr
   │
   = $e1 = 1
   = $e2 = 2

note: Match
   ┌─ "test_data/expr/main.rs":45:16
   │
45 │     (1 + 2) + (3 + 4);
   │                ^^^^^ $expr
   │
   = $e1 = 3
   = $e2 = 4

note: Match
   ┌─ "test_data/expr/main.rs":45:5
   │
45 │     (1 + 2) + (3 + 4);
   │     ^^^^^^^^^^^^^^^^^ $expr
   │
   = $e1 = (1 + 2)
   = $e2 = (3 + 4)

note: Match
   ┌─ "test_data/expr/main.rs":47:6
   │
47 │     (1 + 2) as usize;
   │      ^^^^^ $expr
   │
   = $e1 = 1
   = $e2 = 2

note: Match
   ┌─ "test_data/expr/main.rs":49:19
   │
49 │     let x = |bar| bar + 1;
   │                   ^^^^^^^ $expr
   │
   = $e1 = bar
   = $e2 = 1
