---
source: src/tests/mod.rs
expression: "super :: super :: match_pattern(& name, stringify! (fns))"
snapshot_kind: text
---
note: Match
  ┌─ "test_data/fns/main.rs":3:1
  │
3 │ fn foo() {}
  │ ^^^^^^^^^^^ $x

note: Match
  ┌─ "test_data/fns/main.rs":4:1
  │
4 │ pub fn foo() {}
  │ ^^^^^^^^^^^^^^^ $x

note: Match
  ┌─ "test_data/fns/main.rs":5:1
  │
5 │ unsafe fn foo() {}
  │ ^^^^^^^^^^^^^^^^^^ $x

note: Match
  ┌─ "test_data/fns/main.rs":6:1
  │
6 │ async fn foo() {}
  │ ^^^^^^^^^^^^^^^^^ $x

note: Match
  ┌─ "test_data/fns/main.rs":9:5
  │
9 │     fn foo() {}
  │     ^^^^^^^^^^^ $x

note: Match
   ┌─ "test_data/fns/main.rs":10:5
   │
10 │     pub fn foo() {}
   │     ^^^^^^^^^^^^^^^ $x

note: Match
   ┌─ "test_data/fns/main.rs":11:5
   │
11 │     unsafe fn foo() {}
   │     ^^^^^^^^^^^^^^^^^^ $x

note: Match
   ┌─ "test_data/fns/main.rs":12:5
   │
12 │     async fn foo() {}
   │     ^^^^^^^^^^^^^^^^^ $x

note: Match
   ┌─ "test_data/fns/main.rs":16:5
   │
16 │     fn foo() {}
   │     ^^^^^^^^^^^ $x

note: Match
   ┌─ "test_data/fns/main.rs":17:5
   │
17 │     pub fn foo() {}
   │     ^^^^^^^^^^^^^^^ $x

note: Match
   ┌─ "test_data/fns/main.rs":18:5
   │
18 │     unsafe fn foo() {}
   │     ^^^^^^^^^^^^^^^^^^ $x

note: Match
   ┌─ "test_data/fns/main.rs":19:5
   │
19 │     async fn foo() {}
   │     ^^^^^^^^^^^^^^^^^ $x
