---
source: src/tests/mod.rs
expression: "super :: super :: match_pattern(& name, stringify! (struct_))"
snapshot_kind: text
---
note: Match
   ┌─ "test_data/visibility/main.rs":37:1
   │
37 │ pub(crate) struct CrateStruct;
   │ ^^^^^^^^^^^^^^^^^^^^^^^^^^^^^^ $pattern
   │
   = $ident = CrateStruct
   = $vis = pub(crate)

note: Match
   ┌─ "test_data/visibility/main.rs":38:1
   │
38 │ pub(super) struct SuperStruct;
   │ ^^^^^^^^^^^^^^^^^^^^^^^^^^^^^^ $pattern
   │
   = $ident = SuperStruct
   = $vis = pub(super)

note: Match
   ┌─ "test_data/visibility/main.rs":39:1
   │
39 │ pub(in crate::visibility) struct RestrictedStruct;
   │ ^^^^^^^^^^^^^^^^^^^^^^^^^^^^^^^^^^^^^^^^^^^^^^^^^^ $pattern
   │
   = $ident = RestrictedStruct
   = $vis = pub(in crate::visibility)

note: Match
   ┌─ "test_data/visibility/main.rs":40:1
   │
40 │ struct PrivateStruct;
   │ ^^^^^^^^^^^^^^^^^^^^^ $pattern
   │
   = $ident = PrivateStruct
   = $vis =
