---
source: src/lib.rs
expression: "super :: super :: match_pattern(stringify! (types), stringify! (types))"
---
note: Match
  ┌─ "test_data/types/main.rs":2:14
  │
2 │     bar: Bar<Baz>,
  │              ^^^ $x

note: Match
  ┌─ "test_data/types/main.rs":2:10
  │
2 │     bar: Bar<Baz>,
  │          ^^^^^^^^ $x

note: Match
  ┌─ "test_data/types/main.rs":5:18
  │
5 │ type Result<T, E=Default> = std::result::Result<T, E>;
  │                  ^^^^^^^ $x

note: Match
  ┌─ "test_data/types/main.rs":5:49
  │
5 │ type Result<T, E=Default> = std::result::Result<T, E>;
  │                                                 ^ $x

note: Match
  ┌─ "test_data/types/main.rs":5:52
  │
5 │ type Result<T, E=Default> = std::result::Result<T, E>;
  │                                                    ^ $x

note: Match
  ┌─ "test_data/types/main.rs":5:29
  │
5 │ type Result<T, E=Default> = std::result::Result<T, E>;
  │                             ^^^^^^^^^^^^^^^^^^^^^^^^^ $x

note: Match
  ┌─ "test_data/types/main.rs":7:15
  │
7 │ pub const X: (Foo, Bar, Baz) = bar;
  │               ^^^ $x

note: Match
  ┌─ "test_data/types/main.rs":7:20
  │
7 │ pub const X: (Foo, Bar, Baz) = bar;
  │                    ^^^ $x

note: Match
  ┌─ "test_data/types/main.rs":7:25
  │
7 │ pub const X: (Foo, Bar, Baz) = bar;
  │                         ^^^ $x

note: Match
  ┌─ "test_data/types/main.rs":7:14
  │
7 │ pub const X: (Foo, Bar, Baz) = bar;
  │              ^^^^^^^^^^^^^^^ $x

note: Match
  ┌─ "test_data/types/main.rs":9:19
  │
9 │ impl<'a, const x: usize, T> Foo<'a, T> {
  │                   ^^^^^ $x

note: Match
  ┌─ "test_data/types/main.rs":9:37
  │
9 │ impl<'a, const x: usize, T> Foo<'a, T> {
  │                                     ^ $x

note: Match
  ┌─ "test_data/types/main.rs":9:29
  │
9 │ impl<'a, const x: usize, T> Foo<'a, T> {
  │                             ^^^^^^^^^^ $x

note: Match
   ┌─ "test_data/types/main.rs":12:14
   │
12 │ fn foo<T>(x: T) where for<'a> &'a Foo: Trait {
   │              ^ $x

note: Match
   ┌─ "test_data/types/main.rs":12:35
   │
12 │ fn foo<T>(x: T) where for<'a> &'a Foo: Trait {
   │                                   ^^^ $x

note: Match
   ┌─ "test_data/types/main.rs":12:31
   │
12 │ fn foo<T>(x: T) where for<'a> &'a Foo: Trait {
   │                               ^^^^^^^ $x

note: Match
   ┌─ "test_data/types/main.rs":13:23
   │
13 │     let closure = |x: usize, y: Foo<Bar>| {
   │                       ^^^^^ $x

note: Match
   ┌─ "test_data/types/main.rs":13:37
   │
13 │     let closure = |x: usize, y: Foo<Bar>| {
   │                                     ^^^ $x

note: Match
   ┌─ "test_data/types/main.rs":13:33
   │
13 │     let closure = |x: usize, y: Foo<Bar>| {
   │                                 ^^^^^^^^ $x

note: Match
   ┌─ "test_data/types/main.rs":17:14
   │
17 │ impl Foo for Bar {
   │              ^^^ $x

note: Match
   ┌─ "test_data/types/main.rs":20:13
   │
20 │ static FOO: Baz = 50;
   │             ^^^ $x

note: Match
   ┌─ "test_data/types/main.rs":23:18
   │
23 │     const CONST: usize = 5;
   │                  ^^^^^ $x

note: Match
   ┌─ "test_data/types/main.rs":26:6
   │
26 │ impl Foo {
   │      ^^^ $x

note: Match
   ┌─ "test_data/types/main.rs":27:18
   │
27 │     const CONST: usize = 5;
   │                  ^^^^^ $x

note: Match
   ┌─ "test_data/types/main.rs":28:19
   │
28 │     type Result = Baz;
   │                   ^^^ $x

note: Match
   ┌─ "test_data/types/main.rs":31:18
   │
31 │ fn foo(self: Box<Self>) {
   │                  ^^^^ $x

note: Match
   ┌─ "test_data/types/main.rs":31:14
   │
31 │ fn foo(self: Box<Self>) {
   │              ^^^^^^^^^ $x

note: Match
   ┌─ "test_data/types/main.rs":34:11
   │
34 │ const X: [usize; 3] = [1, 2, 3];
   │           ^^^^^ $x

note: Match
   ┌─ "test_data/types/main.rs":34:10
   │
34 │ const X: [usize; 3] = [1, 2, 3];
   │          ^^^^^^^^^^ $x

note: Match
   ┌─ "test_data/types/main.rs":36:14
   │
36 │ fn foo<T>(t: T) where <T as Trait>::Item: Trait2 {
   │              ^ $x

note: Match
   ┌─ "test_data/types/main.rs":36:24
   │
36 │ fn foo<T>(t: T) where <T as Trait>::Item: Trait2 {
   │                        ^ $x

note: Match
   ┌─ "test_data/types/main.rs":36:23
   │
36 │ fn foo<T>(t: T) where <T as Trait>::Item: Trait2 {
   │                       ^^^^^^^^^^^^^^^^^^ $x

note: Match
   ┌─ "test_data/types/main.rs":39:15
   │
39 │ const SLICE: [usize] = [1, 2, 3];
   │               ^^^^^ $x

note: Match
   ┌─ "test_data/types/main.rs":39:14
   │
39 │ const SLICE: [usize] = [1, 2, 3];
   │              ^^^^^^^ $x
