---
source: src/lib.rs
expression: "super :: super :: match_pattern(stringify! (expr), stringify! (expr))"
---
note: Match
  ┌─ "test_data/expr/main.rs":2:6
  │
2 │     (x+1);
  │      ^ $x

note: Match
  ┌─ "test_data/expr/main.rs":2:8
  │
2 │     (x+1);
  │        ^ $x

note: Match
  ┌─ "test_data/expr/main.rs":2:6
  │
2 │     (x+1);
  │      ^^^ $x

note: Match
  ┌─ "test_data/expr/main.rs":2:5
  │
2 │     (x+1);
  │     ^^^^^ $x

note: Match
  ┌─ "test_data/expr/main.rs":3:5
  │
3 │     foo.0.0.0.0;
  │     ^^^ $x

note: Match
  ┌─ "test_data/expr/main.rs":3:5
  │
3 │     foo.0.0.0.0;
  │     ^^^^^ $x

note: Match
  ┌─ "test_data/expr/main.rs":3:5
  │
3 │     foo.0.0.0.0;
  │     ^^^^^^^ $x

note: Match
  ┌─ "test_data/expr/main.rs":3:5
  │
3 │     foo.0.0.0.0;
  │     ^^^^^^^^^ $x

note: Match
  ┌─ "test_data/expr/main.rs":3:5
  │
3 │     foo.0.0.0.0;
  │     ^^^^^^^^^^^ $x

note: Match
  ┌─ "test_data/expr/main.rs":4:5
  │
4 │     foo.0.0.0.0.0;
  │     ^^^ $x

note: Match
  ┌─ "test_data/expr/main.rs":4:5
  │
4 │     foo.0.0.0.0.0;
  │     ^^^^^ $x

note: Match
  ┌─ "test_data/expr/main.rs":4:5
  │
4 │     foo.0.0.0.0.0;
  │     ^^^^^^^ $x

note: Match
  ┌─ "test_data/expr/main.rs":4:5
  │
4 │     foo.0.0.0.0.0;
  │     ^^^^^^^^^ $x

note: Match
  ┌─ "test_data/expr/main.rs":4:5
  │
4 │     foo.0.0.0.0.0;
  │     ^^^^^^^^^^^ $x

note: Match
  ┌─ "test_data/expr/main.rs":4:5
  │
4 │     foo.0.0.0.0.0;
  │     ^^^^^^^^^^^^^ $x

note: Match
  ┌─ "test_data/expr/main.rs":5:11
  │
5 │     match x {
  │           ^ $x

note: Match
  ┌─ "test_data/expr/main.rs":6:9
  │
6 │         foo..bar => {},
  │         ^^^ $x

note: Match
  ┌─ "test_data/expr/main.rs":6:14
  │
6 │         foo..bar => {},
  │              ^^^ $x

note: Match
  ┌─ "test_data/expr/main.rs":6:21
  │
6 │         foo..bar => {},
  │                     ^^ $x

note: Match
  ┌─ "test_data/expr/main.rs":7:11
  │
7 │         ..bar => {},
  │           ^^^ $x

note: Match
  ┌─ "test_data/expr/main.rs":7:18
  │
7 │         ..bar => {},
  │                  ^^ $x

note: Match
  ┌─ "test_data/expr/main.rs":8:15
  │
8 │         .. => {},
  │               ^^ $x

note: Match
  ┌─ "test_data/expr/main.rs":9:16
  │
9 │         'a' => {},
  │                ^^ $x

note: Match
   ┌─ "test_data/expr/main.rs":5:5
   │  
 5 │ ╭     match x {
 6 │ │         foo..bar => {},
 7 │ │         ..bar => {},
 8 │ │         .. => {},
 9 │ │         'a' => {},
10 │ │     }
   │ ╰─────^ $x

note: Match
   ┌─ "test_data/expr/main.rs":12:15
   │
12 │     let foo = bar.baz().bla().qux();
   │               ^^^ $x

note: Match
   ┌─ "test_data/expr/main.rs":12:15
   │
12 │     let foo = bar.baz().bla().qux();
   │               ^^^^^^^^^ $x

note: Match
   ┌─ "test_data/expr/main.rs":12:15
   │
12 │     let foo = bar.baz().bla().qux();
   │               ^^^^^^^^^^^^^^^ $x

note: Match
   ┌─ "test_data/expr/main.rs":12:15
   │
12 │     let foo = bar.baz().bla().qux();
   │               ^^^^^^^^^^^^^^^^^^^^^ $x

note: Match
   ┌─ "test_data/expr/main.rs":15:9
   │
15 │         foo();
   │         ^^^ $x

note: Match
   ┌─ "test_data/expr/main.rs":15:9
   │
15 │         foo();
   │         ^^^^^ $x

note: Match
   ┌─ "test_data/expr/main.rs":18:8
   │
18 │     if cond1 {
   │        ^^^^^ $x

note: Match
   ┌─ "test_data/expr/main.rs":19:9
   │
19 │         expr1
   │         ^^^^^ $x

note: Match
   ┌─ "test_data/expr/main.rs":20:15
   │
20 │     } else if cond2 {
   │               ^^^^^ $x

note: Match
   ┌─ "test_data/expr/main.rs":21:9
   │
21 │         expr2
   │         ^^^^^ $x

note: Match
   ┌─ "test_data/expr/main.rs":22:15
   │
22 │     } else if cond3 {
   │               ^^^^^ $x

note: Match
   ┌─ "test_data/expr/main.rs":23:9
   │
23 │         expr3
   │         ^^^^^ $x

note: Match
   ┌─ "test_data/expr/main.rs":24:15
   │
24 │     } else if cond4 {
   │               ^^^^^ $x

note: Match
   ┌─ "test_data/expr/main.rs":25:9
   │
25 │         expr4
   │         ^^^^^ $x

note: Match
   ┌─ "test_data/expr/main.rs":27:9
   │
27 │         expr5
   │         ^^^^^ $x

note: Match
   ┌─ "test_data/expr/main.rs":26:12
   │  
26 │       } else {
   │ ╭────────────^
27 │ │         expr5
28 │ │     }
   │ ╰─────^ $x

note: Match
   ┌─ "test_data/expr/main.rs":24:12
   │  
24 │       } else if cond4 {
   │ ╭────────────^
25 │ │         expr4
26 │ │     } else {
27 │ │         expr5
28 │ │     }
   │ ╰─────^ $x

note: Match
   ┌─ "test_data/expr/main.rs":22:12
   │  
22 │       } else if cond3 {
   │ ╭────────────^
23 │ │         expr3
24 │ │     } else if cond4 {
25 │ │         expr4
26 │ │     } else {
27 │ │         expr5
28 │ │     }
   │ ╰─────^ $x

note: Match
   ┌─ "test_data/expr/main.rs":20:12
   │  
20 │       } else if cond2 {
   │ ╭────────────^
21 │ │         expr2
22 │ │     } else if cond3 {
23 │ │         expr3
   · │
27 │ │         expr5
28 │ │     }
   │ ╰─────^ $x

note: Match
   ┌─ "test_data/expr/main.rs":18:5
   │  
18 │ ╭     if cond1 {
19 │ │         expr1
20 │ │     } else if cond2 {
21 │ │         expr2
   · │
27 │ │         expr5
28 │ │     }
   │ ╰─────^ $x

note: Match
   ┌─ "test_data/expr/main.rs":30:12
   │
30 │     return Ok(foo);
   │            ^^ $x

note: Match
   ┌─ "test_data/expr/main.rs":30:15
   │
30 │     return Ok(foo);
   │               ^^^ $x

note: Match
   ┌─ "test_data/expr/main.rs":30:12
   │
30 │     return Ok(foo);
   │            ^^^^^^^ $x

note: Match
   ┌─ "test_data/expr/main.rs":30:5
   │
30 │     return Ok(foo);
   │     ^^^^^^^^^^^^^^ $x
