---
source: src/lib.rs
expression: "super :: super :: match_pattern(stringify! (types), stringify! (types))"
---
note: Match
  ┌─ "test_data/types/main.rs":2:14
  │
2 │     bar: Bar<Baz>,
  │              ^^^ $x

note: Match
  ┌─ "test_data/types/main.rs":2:10
  │
2 │     bar: Bar<Baz>,
  │          ^^^^^^^^ $x

note: Match
  ┌─ "test_data/types/main.rs":5:18
  │
5 │ type Result<T, E=Default> = std::result::Result<T, E>;
  │                  ^^^^^^^ $x

note: Match
  ┌─ "test_data/types/main.rs":5:49
  │
5 │ type Result<T, E=Default> = std::result::Result<T, E>;
  │                                                 ^ $x

note: Match
  ┌─ "test_data/types/main.rs":5:52
  │
5 │ type Result<T, E=Default> = std::result::Result<T, E>;
  │                                                    ^ $x

note: Match
  ┌─ "test_data/types/main.rs":5:29
  │
5 │ type Result<T, E=Default> = std::result::Result<T, E>;
  │                             ^^^^^^^^^^^^^^^^^^^^^^^^^ $x

note: Match
  ┌─ "test_data/types/main.rs":7:15
  │
7 │ pub const x: (Foo, Bar, Baz) = bar;
  │               ^^^ $x

note: Match
  ┌─ "test_data/types/main.rs":7:20
  │
7 │ pub const x: (Foo, Bar, Baz) = bar;
  │                    ^^^ $x

note: Match
  ┌─ "test_data/types/main.rs":7:25
  │
7 │ pub const x: (Foo, Bar, Baz) = bar;
  │                         ^^^ $x

note: Match
  ┌─ "test_data/types/main.rs":7:14
  │
7 │ pub const x: (Foo, Bar, Baz) = bar;
  │              ^^^^^^^^^^^^^^^ $x

note: Match
  ┌─ "test_data/types/main.rs":9:19
  │
9 │ impl<'a, const x: usize, T> Foo<'a, T> {
  │                   ^^^^^ $x

note: Match
  ┌─ "test_data/types/main.rs":9:37
  │
9 │ impl<'a, const x: usize, T> Foo<'a, T> {
  │                                     ^ $x

note: Match
  ┌─ "test_data/types/main.rs":9:29
  │
9 │ impl<'a, const x: usize, T> Foo<'a, T> {
  │                             ^^^^^^^^^^ $x

note: Match
   ┌─ "test_data/types/main.rs":12:14
   │
12 │ fn foo<T>(x: T) where for<'a> &'a Foo: Trait {
   │              ^ $x

note: Match
   ┌─ "test_data/types/main.rs":12:35
   │
12 │ fn foo<T>(x: T) where for<'a> &'a Foo: Trait {
   │                                   ^^^ $x

note: Match
   ┌─ "test_data/types/main.rs":12:31
   │
12 │ fn foo<T>(x: T) where for<'a> &'a Foo: Trait {
   │                               ^^^^^^^ $x
