---
source: src/lib.rs
expression: "super :: super :: match_pattern(stringify! (types), stringify! (types))"
---
note: Match
  ┌─ "test_data/types/main.rs":2:14
  │
2 │     bar: Bar<Baz>,
  │              ^^^ $x

note: Match
  ┌─ "test_data/types/main.rs":2:10
  │
2 │     bar: Bar<Baz>,
  │          ^^^^^^^^ $x

note: Match
  ┌─ "test_data/types/main.rs":5:15
  │
5 │ pub const x: (Foo, Bar, Baz) = bar;
  │               ^^^ $x

note: Match
  ┌─ "test_data/types/main.rs":5:20
  │
5 │ pub const x: (Foo, Bar, Baz) = bar;
  │                    ^^^ $x

note: Match
  ┌─ "test_data/types/main.rs":5:25
  │
5 │ pub const x: (Foo, Bar, Baz) = bar;
  │                         ^^^ $x

note: Match
  ┌─ "test_data/types/main.rs":5:14
  │
5 │ pub const x: (Foo, Bar, Baz) = bar;
  │              ^^^^^^^^^^^^^^^ $x

note: Match
  ┌─ "test_data/types/main.rs":7:21
  │
7 │ impl<'a, T> Foo<'a, T> {
  │                     ^ $x

note: Match
  ┌─ "test_data/types/main.rs":7:13
  │
7 │ impl<'a, T> Foo<'a, T> {
  │             ^^^^^^^^^^ $x
