---
source: src/lib.rs
expression: "super :: super :: match_pattern(stringify! (expr), stringify! (stmts))"
snapshot_kind: text
---
note: Match
  ┌─ "test_data/expr/main.rs":2:5
  │
2 │     (x+1);
  │     ^^^^^^ $x

note: Match
  ┌─ "test_data/expr/main.rs":3:5
  │
3 │     foo.0.0.0.0;
  │     ^^^^^^^^^^^^ $x

note: Match
  ┌─ "test_data/expr/main.rs":4:5
  │
4 │     foo.0.0.0.0.0;
  │     ^^^^^^^^^^^^^^ $x

note: Match
   ┌─ "test_data/expr/main.rs":5:5
   │  
 5 │ ╭     match x {
 6 │ │         foo..bar => {},
 7 │ │         ..bar => {},
 8 │ │         .. => {},
 9 │ │         'a' => {},
10 │ │     }
   │ ╰─────^ $x

note: Match
   ┌─ "test_data/expr/main.rs":12:5
   │
12 │     let foo = bar.baz().bla().qux();
   │     ^^^^^^^^^^^^^^^^^^^^^^^^^^^^^^^^ $x

note: Match
   ┌─ "test_data/expr/main.rs":13:5
   │
13 │     foo = 10;
   │     ^^^^^^^^^ $x

note: Match
   ┌─ "test_data/expr/main.rs":16:9
   │
16 │         foo();
   │         ^^^^^^ $x

note: Match
   ┌─ "test_data/expr/main.rs":15:5
   │  
15 │ ╭     fn inner() {
16 │ │         foo();
17 │ │     }
   │ ╰─────^ $x

note: Match
   ┌─ "test_data/expr/main.rs":20:9
   │
20 │         expr1
   │         ^^^^^ $x

note: Match
   ┌─ "test_data/expr/main.rs":22:9
   │
22 │         expr2
   │         ^^^^^ $x

note: Match
   ┌─ "test_data/expr/main.rs":24:9
   │
24 │         expr3
   │         ^^^^^ $x

note: Match
   ┌─ "test_data/expr/main.rs":26:9
   │
26 │         expr4
   │         ^^^^^ $x

note: Match
   ┌─ "test_data/expr/main.rs":28:9
   │
28 │         expr5
   │         ^^^^^ $x

note: Match
   ┌─ "test_data/expr/main.rs":19:5
   │  
19 │ ╭     if cond1 {
20 │ │         expr1
21 │ │     } else if cond2 {
22 │ │         expr2
   · │
28 │ │         expr5
29 │ │     }
   │ ╰─────^ $x

note: Match
   ┌─ "test_data/expr/main.rs":31:5
   │
31 │     bar().await;
   │     ^^^^^^^^^^^^ $x

note: Match
   ┌─ "test_data/expr/main.rs":33:5
   │
33 │     return Ok(foo);
   │     ^^^^^^^^^^^^^^^ $x
